// Jest Snapshot v1, https://goo.gl/fbAQLP

exports[`__interactive 1`] = `
<DocumentFragment>
  <div
    class="input"
  >
    <input
      placeholder="請輸入"
    />
  </div>
</DocumentFragment>
`;
