// Jest Snapshot v1, https://goo.gl/fbAQLP

exports[`__interactive 1`] = `
<DocumentFragment>
  <iframe
    class="duneChart"
    src="https://dune.com/embeds/626001/1167393/2d14ec26-c13f-483d-8093-aedc1c69ab18?pool_account=EGZ7tiLeH62TPV1gL8WwbXGzEPa9zmcpVnnkPKKnrE2U"
    title="tx-pool"
  />
</DocumentFragment>
`;
